// Jest Snapshot v1, https://goo.gl/fbAQLP

exports[`matches snapshot 1`] = `
<header
  className="header"
>
  <h1>
    Age Of Empires II
  </h1>
  <nav>
    <a
      className="link"
      href="/"
      onClick={[Function]}
      role="link"
    >
      🏠
    </a>
  </nav>
</header>
`;
