// Jest Snapshot v1, https://goo.gl/fbAQLP

exports[`matches snapshot 1`] = `
<div
  className="wrap"
>
  <div>
    <div
      className="headingWrap"
    >
      <svg
        className="svg"
        viewBox="0 0 24 24"
      >
        <path
          d="M13 14H11V9H13M13 18H11V16H13M1 21H23L12 2L1 21Z"
          fill="#c31212"
        />
      </svg>
      <div
        className="heading"
      >
        Error
      </div>
    </div>
    <p
      className="message"
    >
      Test Error
    </p>
  </div>
</div>
`;
